Assets\Scripts\Runtime\NPC\NpcController.cs(57,79): warning CS0108: 'NpcController.All' hides inherited member 'Interactable.All'. Use the new keyword if hiding was intended.
Assets\Scripts\Runtime\UI\LevelRewardScreen.cs(21,22): warning CS0108: 'LevelRewardScreen.Row' hides inherited member 'OnlineWindow.Row(Transform, int, float, float, float)'. Use the new keyword if hiding was intended.
Assets\Scripts\Runtime\UI\EquipmentScreen.Drag.cs(29,23): warning CS0108: 'EquipmentScreen.menu' hides inherited member 'MenuScreen.menu'. Use the new keyword if hiding was intended.
Assets\Scripts\Runtime\Interaction\CropPlot.cs(17,14): warning CS0114: 'CropPlot.OnEnable()' hides inherited member 'Interactable.OnEnable()'. To make the current member override that implementation, add the override keyword. Otherwise add the new keyword.
Assets\Scripts\Runtime\Interaction\CropPlot.cs(18,14): warning CS0114: 'CropPlot.OnDisable()' hides inherited member 'Interactable.OnDisable()'. To make the current member override that implementation, add the override keyword. Otherwise add the new keyword.
Assets\Scripts\Runtime\UI\GachaScreen.cs(431,21): warning CS0108: 'GachaScreen.IsTop(StarPullResult)' hides inherited member 'WindowScreen.IsTop'. Use the new keyword if hiding was intended.
Assets\Scripts\Runtime\UI\GachaScreen.cs(22,22): warning CS0108: 'GachaScreen.Cell' hides inherited member 'OnlineWindow.Cell(Transform, string, float, float, int, TextAnchor)'. Use the new keyword if hiding was intended.
Assets\Scripts\Runtime\Core\GameBootstrap.cs(82,17): warning CS0618: 'Object.FindFirstObjectByType<T>()' is obsolete: 'FindFirstObjectByType has been deprecated because it relies on instance ID ordering. Use FindAnyObjectByType instead, which does not depend on ordering.'
Assets\Scripts\Runtime\World\GridPath.cs(84,21): warning CS0618: 'Physics2D.OverlapCircleNonAlloc(Vector2, float, Collider2D[])' is obsolete: 'OverlapCircleNonAlloc has been deprecated. Please use OverlapCircle.'
Assets\Scripts\Runtime\UI\UIRoot.cs(160,17): warning CS0618: 'Object.FindFirstObjectByType<T>()' is obsolete: 'FindFirstObjectByType has been deprecated because it relies on instance ID ordering. Use FindAnyObjectByType instead, which does not depend on ordering.'
Assets\Scripts\Runtime\Core\DevCapture.Perf.cs(118,57): warning CS0618: 'FindObjectsSortMode' is obsolete: 'FindObjectsSortMode has been deprecated. Use the FindObjectsByType overloads that do not take a FindObjectsSortMode parameter.'
Assets\Scripts\Runtime\Core\DevCapture.Perf.cs(118,24): warning CS0618: 'Object.FindObjectsByType<T>(FindObjectsSortMode)' is obsolete: 'FindObjectsByType with FindObjectsSortMode parameter has been deprecated. Use FindObjectsByType<T>() or FindObjectsByType<T>(FindObjectsInactive) instead. InstanceID will be replaced in the future with EntityId and previous sort order cannot be maintained.'
Assets\Scripts\Runtime\Core\DevCapture.Sanctum.cs(66,95): warning CS0618: 'FindObjectsSortMode' is obsolete: 'FindObjectsSortMode has been deprecated. Use the FindObjectsByType overloads that do not take a FindObjectsSortMode parameter.'
Assets\Scripts\Runtime\Core\DevCapture.Sanctum.cs(66,44): warning CS0618: 'Object.FindObjectsByType<T>(FindObjectsSortMode)' is obsolete: 'FindObjectsByType with FindObjectsSortMode parameter has been deprecated. Use FindObjectsByType<T>() or FindObjectsByType<T>(FindObjectsInactive) instead. InstanceID will be replaced in the future with EntityId and previous sort order cannot be maintained.'
Assets\Scripts\Runtime\Core\DevCapture.Sanctum.cs(68,104): warning CS0618: 'FindObjectsSortMode' is obsolete: 'FindObjectsSortMode has been deprecated. Use the FindObjectsByType overloads that do not take a FindObjectsSortMode parameter.'
Assets\Scripts\Runtime\Core\DevCapture.Sanctum.cs(68,53): warning CS0618: 'Object.FindObjectsByType<T>(FindObjectsSortMode)' is obsolete: 'FindObjectsByType with FindObjectsSortMode parameter has been deprecated. Use FindObjectsByType<T>() or FindObjectsByType<T>(FindObjectsInactive) instead. InstanceID will be replaced in the future with EntityId and previous sort order cannot be maintained.'
Assets\Scripts\Runtime\Core\DevCapture.Sanctum.cs(110,71): warning CS0618: 'FindObjectsSortMode' is obsolete: 'FindObjectsSortMode has been deprecated. Use the FindObjectsByType overloads that do not take a FindObjectsSortMode parameter.'
Assets\Scripts\Runtime\Core\DevCapture.Sanctum.cs(110,26): warning CS0618: 'Object.FindObjectsByType<T>(FindObjectsSortMode)' is obsolete: 'FindObjectsByType with FindObjectsSortMode parameter has been deprecated. Use FindObjectsByType<T>() or FindObjectsByType<T>(FindObjectsInactive) instead. InstanceID will be replaced in the future with EntityId and previous sort order cannot be maintained.'
Assets\Scripts\Runtime\Core\DevCapture.Water.cs(44,70): warning CS0618: 'FindObjectsSortMode' is obsolete: 'FindObjectsSortMode has been deprecated. Use the FindObjectsByType overloads that do not take a FindObjectsSortMode parameter.'
Assets\Scripts\Runtime\Core\DevCapture.Water.cs(44,36): warning CS0618: 'Object.FindObjectsByType<T>(FindObjectsSortMode)' is obsolete: 'FindObjectsByType with FindObjectsSortMode parameter has been deprecated. Use FindObjectsByType<T>() or FindObjectsByType<T>(FindObjectsInactive) instead. InstanceID will be replaced in the future with EntityId and previous sort order cannot be maintained.'
Assets\Scripts\Runtime\Net\ServerPartyFinderService.cs(26,51): warning CS0067: The event 'ServerPartyFinderService.Departed' is never used
Assets\Scripts\Runtime\UI\SkillScreen.Career.cs(8,96): warning CS0414: The field 'SkillScreen.confirmation' is assigned but its value is never used
